data 
oracles 
ttyoptions 
porthelp 
quest.dat 
rumors 
help 
hh 
cmdhelp 
history 
opthelp 
wizhelp 
dungeon 
license 
bigrm-1.lev 
bigrm-2.lev 
bigrm-3.lev 
bigrm-4.lev 
bigrm-5.lev 
castle.lev 
earth.lev 
air.lev 
fire.lev 
water.lev 
astral.lev 
valley.lev 
juiblex.lev 
orcus.lev 
asmodeus.lev 
baalz.lev 
mlcgate.lev 
sanctum.lev 
knox.lev 
minefill.lev 
minetn-1.lev 
minetn-2.lev 
minetn-3.lev 
minetn-4.lev 
minetn-5.lev 
minetn-6.lev 
minetn-7.lev 
minend-1.lev 
minend-2.lev 
minend-3.lev 
medusa-1.lev 
medusa-2.lev 
oracle.lev 
soko4-1.lev 
soko4-2.lev 
soko3-1.lev 
soko3-2.lev 
soko2-1.lev 
soko2-2.lev 
soko1-1.lev 
soko1-2.lev 
tower1.lev 
tower2.lev 
tower3.lev 
wizard1.lev 
wizard2.lev 
wizard3.lev 
Arc-strt.lev 
Arc-loca.lev 
Arc-goal.lev 
Arc-fila.lev 
Arc-filb.lev 
Bar-strt.lev 
Bar-loca.lev 
Bar-goal.lev 
Bar-fila.lev 
Bar-filb.lev 
Cav-strt.lev 
Cav-loca.lev 
Cav-goal.lev 
Cav-fila.lev 
Cav-filb.lev 
Hea-strt.lev 
Hea-loca.lev 
Hea-goal.lev 
Hea-fila.lev 
Hea-filb.lev 
Kni-strt.lev 
Kni-loca.lev 
Kni-goal.lev 
Kni-fila.lev 
Kni-filb.lev 
Mon-strt.lev 
Mon-loca.lev 
Mon-goal.lev 
Mon-fila.lev 
Mon-filb.lev 
Pri-strt.lev 
Pri-loca.lev 
Pri-goal.lev 
Pri-fila.lev 
Pri-filb.lev 
Ran-strt.lev 
Ran-loca.lev 
Ran-goal.lev 
Ran-fila.lev 
Ran-filb.lev 
Rog-strt.lev 
Rog-loca.lev 
Rog-goal.lev 
Rog-fila.lev 
Rog-filb.lev 
Sam-strt.lev 
Sam-loca.lev 
Sam-goal.lev 
Sam-fila.lev 
Sam-filb.lev 
Tou-strt.lev 
Tou-loca.lev 
Tou-goal.lev 
Tou-fila.lev 
Tou-filb.lev 
Val-strt.lev 
Val-loca.lev 
Val-goal.lev 
Val-fila.lev 
Val-filb.lev 
Wiz-strt.lev 
Wiz-loca.lev 
Wiz-goal.lev 
Wiz-fila.lev 
Wiz-filb.lev 
